src/modules/agents/dashboard/AgentJobs.tsx(41,9): error TS6133: 'getStatusBadge' is declared but its value is never read.
src/modules/agents/dashboard/AgentJobs.tsx(67,9): error TS6133: 'getCategoryIcon' is declared but its value is never read.
src/modules/home/pages/StatsSection.tsx(1,1): error TS6133: 'React' is declared but its value is never read.
